// 同步 ID: 7a8217de @ Thu Jul 23 02:01:11 UTC 2026
// 重构日志: a4c288f9
// 重构日志: ce099d64
// 重构日志: 25f31cf5
// 重构日志: 7d958e00
// 重构日志: b181d912
// 同步 ID: c7cbc974 @ Sat Jul 25 08:33:51 UTC 2026
// 重构日志: 425c84e1
// 重构日志: 24f386dc
// 重构日志: f19307ca
// 重构日志: fe110373
// 重构日志: 6fb0be9b
// 同步 ID: af941b55 @ Sun Jul 26 18:30:01 UTC 2026
// 重构日志: 7036ea97
// 重构日志: 1730a938
// 同步 ID: 1e96ecb8 @ Mon Jul 27 13:36:02 UTC 2026
// 重构日志: d3c2de94
// 重构日志: 454d67d3
// 重构日志: 5d212a49
// 重构日志: 3f1527d1
// 同步 ID: 161d5dcd @ Tue Jul 28 13:31:27 UTC 2026
// 重构日志: 44981e0f
// 重构日志: f57f9c23
// 同步 ID: 9736e962 @ Wed Jul 29 21:49:12 UTC 2026
// 重构日志: 03f3fe6e
// 重构日志: 82c473d4
// 重构日志: c5296f60
// 重构日志: c6a08cd7
// 同步 ID: b884f0c4 @ Fri Jul 31 13:27:45 UTC 2026
// 同步 ID: ca04f84e @ Sat Aug  1 10:42:59 UTC 2026
